Archive member included to satisfy reference by file (symbol)

c:/st/stm32cubeide_1.3.0/stm32cubeide/plugins/com.st.stm32cube.ide.mcu.externaltools.gnu-tools-for-stm32.7-2018-q2-update.win32_1.0.0.201904181610/tools/bin/../lib/gcc/arm-none-eabi/7.3.1/../../../../arm-none-eabi/lib/thumb/v7e-m/fpv5/hard\libc_nano.a(lib_a-errno.o)
                              Core/Src/syscalls.o (__errno)
c:/st/stm32cubeide_1.3.0/stm32cubeide/plugins/com.st.stm32cube.ide.mcu.externaltools.gnu-tools-for-stm32.7-2018-q2-update.win32_1.0.0.201904181610/tools/bin/../lib/gcc/arm-none-eabi/7.3.1/../../../../arm-none-eabi/lib/thumb/v7e-m/fpv5/hard\libc_nano.a(lib_a-exit.o)
                              c:/st/stm32cubeide_1.3.0/stm32cubeide/plugins/com.st.stm32cube.ide.mcu.externaltools.gnu-tools-for-stm32.7-2018-q2-update.win32_1.0.0.201904181610/tools/bin/../lib/gcc/arm-none-eabi/7.3.1/../../../../arm-none-eabi/lib/thumb/v7e-m/fpv5/hard/crt0.o (exit)
c:/st/stm32cubeide_1.3.0/stm32cubeide/plugins/com.st.stm32cube.ide.mcu.externaltools.gnu-tools-for-stm32.7-2018-q2-update.win32_1.0.0.201904181610/tools/bin/../lib/gcc/arm-none-eabi/7.3.1/../../../../arm-none-eabi/lib/thumb/v7e-m/fpv5/hard\libc_nano.a(lib_a-impure.o)
                              c:/st/stm32cubeide_1.3.0/stm32cubeide/plugins/com.st.stm32cube.ide.mcu.externaltools.gnu-tools-for-stm32.7-2018-q2-update.win32_1.0.0.201904181610/tools/bin/../lib/gcc/arm-none-eabi/7.3.1/../../../../arm-none-eabi/lib/thumb/v7e-m/fpv5/hard\libc_nano.a(lib_a-exit.o) (_global_impure_ptr)
c:/st/stm32cubeide_1.3.0/stm32cubeide/plugins/com.st.stm32cube.ide.mcu.externaltools.gnu-tools-for-stm32.7-2018-q2-update.win32_1.0.0.201904181610/tools/bin/../lib/gcc/arm-none-eabi/7.3.1/../../../../arm-none-eabi/lib/thumb/v7e-m/fpv5/hard\libc_nano.a(lib_a-init.o)
                              c:/st/stm32cubeide_1.3.0/stm32cubeide/plugins/com.st.stm32cube.ide.mcu.externaltools.gnu-tools-for-stm32.7-2018-q2-update.win32_1.0.0.201904181610/tools/bin/../lib/gcc/arm-none-eabi/7.3.1/../../../../arm-none-eabi/lib/thumb/v7e-m/fpv5/hard/crt0.o (__libc_init_array)
c:/st/stm32cubeide_1.3.0/stm32cubeide/plugins/com.st.stm32cube.ide.mcu.externaltools.gnu-tools-for-stm32.7-2018-q2-update.win32_1.0.0.201904181610/tools/bin/../lib/gcc/arm-none-eabi/7.3.1/../../../../arm-none-eabi/lib/thumb/v7e-m/fpv5/hard\libc_nano.a(lib_a-memset.o)
                              c:/st/stm32cubeide_1.3.0/stm32cubeide/plugins/com.st.stm32cube.ide.mcu.externaltools.gnu-tools-for-stm32.7-2018-q2-update.win32_1.0.0.201904181610/tools/bin/../lib/gcc/arm-none-eabi/7.3.1/../../../../arm-none-eabi/lib/thumb/v7e-m/fpv5/hard/crt0.o (memset)
c:/st/stm32cubeide_1.3.0/stm32cubeide/plugins/com.st.stm32cube.ide.mcu.externaltools.gnu-tools-for-stm32.7-2018-q2-update.win32_1.0.0.201904181610/tools/bin/../lib/gcc/arm-none-eabi/7.3.1/thumb/v7e-m/fpv5/hard\libgcc.a(_aeabi_uldivmod.o)
                              Drivers/STM32F7xx_HAL_Driver/stm32f7xx_hal_rcc.o (__aeabi_uldivmod)
c:/st/stm32cubeide_1.3.0/stm32cubeide/plugins/com.st.stm32cube.ide.mcu.externaltools.gnu-tools-for-stm32.7-2018-q2-update.win32_1.0.0.201904181610/tools/bin/../lib/gcc/arm-none-eabi/7.3.1/thumb/v7e-m/fpv5/hard\libgcc.a(_udivmoddi4.o)
                              c:/st/stm32cubeide_1.3.0/stm32cubeide/plugins/com.st.stm32cube.ide.mcu.externaltools.gnu-tools-for-stm32.7-2018-q2-update.win32_1.0.0.201904181610/tools/bin/../lib/gcc/arm-none-eabi/7.3.1/thumb/v7e-m/fpv5/hard\libgcc.a(_aeabi_uldivmod.o) (__udivmoddi4)
c:/st/stm32cubeide_1.3.0/stm32cubeide/plugins/com.st.stm32cube.ide.mcu.externaltools.gnu-tools-for-stm32.7-2018-q2-update.win32_1.0.0.201904181610/tools/bin/../lib/gcc/arm-none-eabi/7.3.1/thumb/v7e-m/fpv5/hard\libgcc.a(_dvmd_tls.o)
                              c:/st/stm32cubeide_1.3.0/stm32cubeide/plugins/com.st.stm32cube.ide.mcu.externaltools.gnu-tools-for-stm32.7-2018-q2-update.win32_1.0.0.201904181610/tools/bin/../lib/gcc/arm-none-eabi/7.3.1/thumb/v7e-m/fpv5/hard\libgcc.a(_aeabi_uldivmod.o) (__aeabi_ldiv0)

Allocating common symbols
Common symbol       size              file

uwTick              0x4               Drivers/STM32F7xx_HAL_Driver/stm32f7xx_hal.o
pFlash              0x1c              Drivers/STM32F7xx_HAL_Driver/stm32f7xx_hal_flash.o

Discarded input sections

 .text          0x0000000000000000        0x0 c:/st/stm32cubeide_1.3.0/stm32cubeide/plugins/com.st.stm32cube.ide.mcu.externaltools.gnu-tools-for-stm32.7-2018-q2-update.win32_1.0.0.201904181610/tools/bin/../lib/gcc/arm-none-eabi/7.3.1/thumb/v7e-m/fpv5/hard/crti.o
 .data          0x0000000000000000        0x0 c:/st/stm32cubeide_1.3.0/stm32cubeide/plugins/com.st.stm32cube.ide.mcu.externaltools.gnu-tools-for-stm32.7-2018-q2-update.win32_1.0.0.201904181610/tools/bin/../lib/gcc/arm-none-eabi/7.3.1/thumb/v7e-m/fpv5/hard/crti.o
[...]
Memory Configuration

Name             Origin             Length             Attributes
RAM              0x0000000020000000 0x0000000000080000 xrw
FLASH            0x0000000008000000 0x0000000000200000 xr
*default*        0x0000000000000000 0xffffffffffffffff

Linker script and memory map

LOAD c:/st/stm32cubeide_1.3.0/stm32cubeide/plugins/com.st.stm32cube.ide.mcu.externaltools.gnu-tools-for-stm32.7-2018-q2-update.win32_1.0.0.201904181610/tools/bin/../lib/gcc/arm-none-eabi/7.3.1/thumb/v7e-m/fpv5/hard/crti.o
LOAD c:/st/stm32cubeide_1.3.0/stm32cubeide/plugins/com.st.stm32cube.ide.mcu.externaltools.gnu-tools-for-stm32.7-2018-q2-update.win32_1.0.0.201904181610/tools/bin/../lib/gcc/arm-none-eabi/7.3.1/thumb/v7e-m/fpv5/hard/crtbegin.o
LOAD c:/st/stm32cubeide_1.3.0/stm32cubeide/plugins/com.st.stm32cube.ide.mcu.externaltools.gnu-tools-for-stm32.7-2018-q2-update.win32_1.0.0.201904181610/tools/bin/../lib/gcc/arm-none-eabi/7.3.1/../../../../arm-none-eabi/lib/thumb/v7e-m/fpv5/hard/crt0.o
LOAD Core/Src/main.o
LOAD Core/Src/stm32f7xx_hal_msp.o
LOAD Core/Src/stm32f7xx_it.o
LOAD Core/Src/syscalls.o
LOAD Core/Src/sysmem.o
LOAD Core/Src/system_stm32f7xx.o
LOAD Core/Startup/startup_stm32f767zitx.o
LOAD Drivers/STM32F7xx_HAL_Driver/stm32f7xx_hal.o
LOAD Drivers/STM32F7xx_HAL_Driver/stm32f7xx_hal_cortex.o
LOAD Drivers/STM32F7xx_HAL_Driver/stm32f7xx_hal_dma.o
LOAD Drivers/STM32F7xx_HAL_Driver/stm32f7xx_hal_dma_ex.o
LOAD Drivers/STM32F7xx_HAL_Driver/stm32f7xx_hal_exti.o
LOAD Drivers/STM32F7xx_HAL_Driver/stm32f7xx_hal_flash.o
LOAD Drivers/STM32F7xx_HAL_Driver/stm32f7xx_hal_flash_ex.o
LOAD Drivers/STM32F7xx_HAL_Driver/stm32f7xx_hal_gpio.o
LOAD Drivers/STM32F7xx_HAL_Driver/stm32f7xx_hal_i2c.o
LOAD Drivers/STM32F7xx_HAL_Driver/stm32f7xx_hal_i2c_ex.o
LOAD Drivers/STM32F7xx_HAL_Driver/stm32f7xx_hal_pwr.o
LOAD Drivers/STM32F7xx_HAL_Driver/stm32f7xx_hal_pwr_ex.o
LOAD Drivers/STM32F7xx_HAL_Driver/stm32f7xx_hal_rcc.o
LOAD Drivers/STM32F7xx_HAL_Driver/stm32f7xx_hal_rcc_ex.o
LOAD Drivers/STM32F7xx_HAL_Driver/stm32f7xx_hal_tim.o
LOAD Drivers/STM32F7xx_HAL_Driver/stm32f7xx_hal_tim_ex.o
START GROUP
LOAD c:/st/stm32cubeide_1.3.0/stm32cubeide/plugins/com.st.stm32cube.ide.mcu.externaltools.gnu-tools-for-stm32.7-2018-q2-update.win32_1.0.0.201904181610/tools/bin/../lib/gcc/arm-none-eabi/7.3.1/../../../../arm-none-eabi/lib/thumb/v7e-m/fpv5/hard\libstdc++_nano.a
LOAD c:/st/stm32cubeide_1.3.0/stm32cubeide/plugins/com.st.stm32cube.ide.mcu.externaltools.gnu-tools-for-stm32.7-2018-q2-update.win32_1.0.0.201904181610/tools/bin/../lib/gcc/arm-none-eabi/7.3.1/../../../../arm-none-eabi/lib/thumb/v7e-m/fpv5/hard\libsupc++_nano.a
END GROUP
LOAD c:/st/stm32cubeide_1.3.0/stm32cubeide/plugins/com.st.stm32cube.ide.mcu.externaltools.gnu-tools-for-stm32.7-2018-q2-update.win32_1.0.0.201904181610/tools/bin/../lib/gcc/arm-none-eabi/7.3.1/../../../../arm-none-eabi/lib/thumb/v7e-m/fpv5/hard\libstdc++_nano.a
LOAD c:/st/stm32cubeide_1.3.0/stm32cubeide/plugins/com.st.stm32cube.ide.mcu.externaltools.gnu-tools-for-stm32.7-2018-q2-update.win32_1.0.0.201904181610/tools/bin/../lib/gcc/arm-none-eabi/7.3.1/../../../../arm-none-eabi/lib/thumb/v7e-m/fpv5/hard\libm.a
LOAD c:/st/stm32cubeide_1.3.0/stm32cubeide/plugins/com.st.stm32cube.ide.mcu.externaltools.gnu-tools-for-stm32.7-2018-q2-update.win32_1.0.0.201904181610/tools/bin/../lib/gcc/arm-none-eabi/7.3.1/../../../../arm-none-eabi/lib/thumb/v7e-m/fpv5/hard\libc_nano.a
START GROUP
LOAD c:/st/stm32cubeide_1.3.0/stm32cubeide/plugins/com.st.stm32cube.ide.mcu.externaltools.gnu-tools-for-stm32.7-2018-q2-update.win32_1.0.0.201904181610/tools/bin/../lib/gcc/arm-none-eabi/7.3.1/thumb/v7e-m/fpv5/hard\libgcc.a
LOAD c:/st/stm32cubeide_1.3.0/stm32cubeide/plugins/com.st.stm32cube.ide.mcu.externaltools.gnu-tools-for-stm32.7-2018-q2-update.win32_1.0.0.201904181610/tools/bin/../lib/gcc/arm-none-eabi/7.3.1/../../../../arm-none-eabi/lib/thumb/v7e-m/fpv5/hard\libc_nano.a
END GROUP
START GROUP
LOAD c:/st/stm32cubeide_1.3.0/stm32cubeide/plugins/com.st.stm32cube.ide.mcu.externaltools.gnu-tools-for-stm32.7-2018-q2-update.win32_1.0.0.201904181610/tools/bin/../lib/gcc/arm-none-eabi/7.3.1/thumb/v7e-m/fpv5/hard\libgcc.a
LOAD c:/st/stm32cubeide_1.3.0/stm32cubeide/plugins/com.st.stm32cube.ide.mcu.externaltools.gnu-tools-for-stm32.7-2018-q2-update.win32_1.0.0.201904181610/tools/bin/../lib/gcc/arm-none-eabi/7.3.1/../../../../arm-none-eabi/lib/thumb/v7e-m/fpv5/hard\libc_nano.a
LOAD c:/st/stm32cubeide_1.3.0/stm32cubeide/plugins/com.st.stm32cube.ide.mcu.externaltools.gnu-tools-for-stm32.7-2018-q2-update.win32_1.0.0.201904181610/tools/bin/../lib/gcc/arm-none-eabi/7.3.1/../../../../arm-none-eabi/lib/thumb/v7e-m/fpv5/hard\libnosys.a
END GROUP
START GROUP
LOAD c:/st/stm32cubeide_1.3.0/stm32cubeide/plugins/com.st.stm32cube.ide.mcu.externaltools.gnu-tools-for-stm32.7-2018-q2-update.win32_1.0.0.201904181610/tools/bin/../lib/gcc/arm-none-eabi/7.3.1/thumb/v7e-m/fpv5/hard\libgcc.a
LOAD c:/st/stm32cubeide_1.3.0/stm32cubeide/plugins/com.st.stm32cube.ide.mcu.externaltools.gnu-tools-for-stm32.7-2018-q2-update.win32_1.0.0.201904181610/tools/bin/../lib/gcc/arm-none-eabi/7.3.1/../../../../arm-none-eabi/lib/thumb/v7e-m/fpv5/hard\libc_nano.a
LOAD c:/st/stm32cubeide_1.3.0/stm32cubeide/plugins/com.st.stm32cube.ide.mcu.externaltools.gnu-tools-for-stm32.7-2018-q2-update.win32_1.0.0.201904181610/tools/bin/../lib/gcc/arm-none-eabi/7.3.1/../../../../arm-none-eabi/lib/thumb/v7e-m/fpv5/hard\libnosys.a
END GROUP
LOAD c:/st/stm32cubeide_1.3.0/stm32cubeide/plugins/com.st.stm32cube.ide.mcu.externaltools.gnu-tools-for-stm32.7-2018-q2-update.win32_1.0.0.201904181610/tools/bin/../lib/gcc/arm-none-eabi/7.3.1/thumb/v7e-m/fpv5/hard/crtend.o
LOAD c:/st/stm32cubeide_1.3.0/stm32cubeide/plugins/com.st.stm32cube.ide.mcu.externaltools.gnu-tools-for-stm32.7-2018-q2-update.win32_1.0.0.201904181610/tools/bin/../lib/gcc/arm-none-eabi/7.3.1/thumb/v7e-m/fpv5/hard/crtn.o
                0x0000000020080000                _estack = (ORIGIN (RAM) + LENGTH (RAM))
                0x0000000000000200                _Min_Heap_Size = 0x200
                0x0000000000000400                _Min_Stack_Size = 0x400

.isr_vector     0x0000000008000000      0x1f8
                0x0000000008000000                . = ALIGN (0x4)
 *(.isr_vector)
 .isr_vector    0x0000000008000000      0x1f8 Core/Startup/startup_stm32f767zitx.o
                0x0000000008000000                g_pfnVectors
                0x00000000080001f8                . = ALIGN (0x4)

.text           0x00000000080001f8     0x1568
                0x00000000080001f8                . = ALIGN (0x4)
 *(.text)
 .text          0x00000000080001f8       0x40 c:/st/stm32cubeide_1.3.0/stm32cubeide/plugins/com.st.stm32cube.ide.mcu.externaltools.gnu-tools-for-stm32.7-2018-q2-update.win32_1.0.0.201904181610/tools/bin/../lib/gcc/arm-none-eabi/7.3.1/thumb/v7e-m/fpv5/hard/crtbegin.o
 .text          0x0000000008000238       0x30 c:/st/stm32cubeide_1.3.0/stm32cubeide/plugins/com.st.stm32cube.ide.mcu.externaltools.gnu-tools-for-stm32.7-2018-q2-update.win32_1.0.0.201904181610/tools/bin/../lib/gcc/arm-none-eabi/7.3.1/thumb/v7e-m/fpv5/hard\libgcc.a(_aeabi_uldivmod.o)
                0x0000000008000238                __aeabi_uldivmod
 .text          0x0000000008000268      0x2cc c:/st/stm32cubeide_1.3.0/stm32cubeide/plugins/com.st.stm32cube.ide.mcu.externaltools.gnu-tools-for-stm32.7-2018-q2-update.win32_1.0.0.201904181610/tools/bin/../lib/gcc/arm-none-eabi/7.3.1/thumb/v7e-m/fpv5/hard\libgcc.a(_udivmoddi4.o)
                0x0000000008000268                __udivmoddi4
 .text          0x0000000008000534        0x4 c:/st/stm32cubeide_1.3.0/stm32cubeide/plugins/com.st.stm32cube.ide.mcu.externaltools.gnu-tools-for-stm32.7-2018-q2-update.win32_1.0.0.201904181610/tools/bin/../lib/gcc/arm-none-eabi/7.3.1/thumb/v7e-m/fpv5/hard\libgcc.a(_dvmd_tls.o)
                0x0000000008000534                __aeabi_idiv0
                0x0000000008000534                __aeabi_ldiv0
 *(.text*)
 .text.main     0x0000000008000538       0x3c Core/Src/main.o
                0x0000000008000538                main
 .text.SystemClock_Config
                0x0000000008000574       0xcc Core/Src/main.o
                0x0000000008000574                SystemClock_Config
 .text.MX_GPIO_Init
                0x0000000008000640       0x94 Core/Src/main.o
 .text.Error_Handler
                0x00000000080006d4        0xe Core/Src/main.o
                0x00000000080006d4                Error_Handler
 *fill*         0x00000000080006e2        0x2 
 .text.HAL_MspInit
                0x00000000080006e4       0x48 Core/Src/stm32f7xx_hal_msp.o
                0x00000000080006e4                HAL_MspInit
 .text.NMI_Handler
                0x000000000800072c        0xe Core/Src/stm32f7xx_it.o
                0x000000000800072c                NMI_Handler
 .text.HardFault_Handler
                0x000000000800073a        0x6 Core/Src/stm32f7xx_it.o
                0x000000000800073a                HardFault_Handler
 .text.MemManage_Handler
                0x0000000008000740        0x6 Core/Src/stm32f7xx_it.o
                0x0000000008000740                MemManage_Handler
 .text.BusFault_Handler
                0x0000000008000746        0x6 Core/Src/stm32f7xx_it.o
                0x0000000008000746                BusFault_Handler
 .text.UsageFault_Handler
                0x000000000800074c        0x6 Core/Src/stm32f7xx_it.o
                0x000000000800074c                UsageFault_Handler
 .text.SVC_Handler
                0x0000000008000752        0xe Core/Src/stm32f7xx_it.o
                0x0000000008000752                SVC_Handler
 .text.DebugMon_Handler
                0x0000000008000760        0xe Core/Src/stm32f7xx_it.o
                0x0000000008000760                DebugMon_Handler
 .text.PendSV_Handler
                0x000000000800076e        0xe Core/Src/stm32f7xx_it.o
                0x000000000800076e                PendSV_Handler
 .text.SysTick_Handler
                0x000000000800077c        0xc Core/Src/stm32f7xx_it.o
                0x000000000800077c                SysTick_Handler
 .text.SystemInit
                0x0000000008000788       0x2c Core/Src/system_stm32f7xx.o
                0x0000000008000788                SystemInit
 .text.Reset_Handler
                0x00000000080007b4       0x50 Core/Startup/startup_stm32f767zitx.o
                0x00000000080007b4                Reset_Handler
 .text.Default_Handler
                0x0000000008000804        0x2 Core/Startup/startup_stm32f767zitx.o
                0x0000000008000804                RTC_Alarm_IRQHandler
                0x0000000008000804                EXTI2_IRQHandler
                0x0000000008000804                TIM8_CC_IRQHandler
                0x0000000008000804                UART8_IRQHandler
                0x0000000008000804                SPI4_IRQHandler
                0x0000000008000804                TIM1_CC_IRQHandler
                0x0000000008000804                DMA2_Stream5_IRQHandler
                0x0000000008000804                JPEG_IRQHandler
                0x0000000008000804                DMA1_Stream5_IRQHandler
                0x0000000008000804                CAN3_RX1_IRQHandler
                0x0000000008000804                PVD_IRQHandler
                0x0000000008000804                TAMP_STAMP_IRQHandler
                0x0000000008000804                CAN2_RX1_IRQHandler
                0x0000000008000804                EXTI3_IRQHandler
                0x0000000008000804                TIM8_TRG_COM_TIM14_IRQHandler
                0x0000000008000804                DFSDM1_FLT1_IRQHandler
                0x0000000008000804                TIM1_UP_TIM10_IRQHandler
                0x0000000008000804                TIM8_UP_TIM13_IRQHandler
                0x0000000008000804                I2C3_ER_IRQHandler
                0x0000000008000804                DFSDM1_FLT2_IRQHandler
                0x0000000008000804                EXTI0_IRQHandler
                0x0000000008000804                I2C2_EV_IRQHandler
                0x0000000008000804                DMA1_Stream2_IRQHandler
                0x0000000008000804                CAN1_RX0_IRQHandler
                0x0000000008000804                FPU_IRQHandler
                0x0000000008000804                OTG_HS_WKUP_IRQHandler
                0x0000000008000804                CAN3_SCE_IRQHandler
                0x0000000008000804                LTDC_ER_IRQHandler
                0x0000000008000804                CAN2_SCE_IRQHandler
                0x0000000008000804                DMA2_Stream2_IRQHandler
                0x0000000008000804                SPI1_IRQHandler
                0x0000000008000804                TIM6_DAC_IRQHandler
                0x0000000008000804                TIM1_BRK_TIM9_IRQHandler
                0x0000000008000804                DCMI_IRQHandler
                0x0000000008000804                CAN2_RX0_IRQHandler
                0x0000000008000804                DMA2_Stream3_IRQHandler
                0x0000000008000804                SAI2_IRQHandler
                0x0000000008000804                DFSDM1_FLT3_IRQHandler
                0x0000000008000804                USART6_IRQHandler
                0x0000000008000804                CAN3_RX0_IRQHandler
                0x0000000008000804                USART3_IRQHandler
                0x0000000008000804                CAN1_RX1_IRQHandler
                0x0000000008000804                UART5_IRQHandler
                0x0000000008000804                DMA2_Stream0_IRQHandler
                0x0000000008000804                TIM4_IRQHandler
                0x0000000008000804                QUADSPI_IRQHandler
                0x0000000008000804                I2C1_EV_IRQHandler
                0x0000000008000804                DMA1_Stream6_IRQHandler
                0x0000000008000804                DMA1_Stream1_IRQHandler
                0x0000000008000804                UART4_IRQHandler
                0x0000000008000804                TIM3_IRQHandler
                0x0000000008000804                RCC_IRQHandler
                0x0000000008000804                TIM8_BRK_TIM12_IRQHandler
                0x0000000008000804                Default_Handler
                0x0000000008000804                CEC_IRQHandler
                0x0000000008000804                EXTI15_10_IRQHandler
                0x0000000008000804                ADC_IRQHandler
                0x0000000008000804                DMA1_Stream7_IRQHandler
                0x0000000008000804                SPI5_IRQHandler
                0x0000000008000804                TIM7_IRQHandler
                0x0000000008000804                SDMMC1_IRQHandler
                0x0000000008000804                CAN2_TX_IRQHandler
                0x0000000008000804                TIM5_IRQHandler
                0x0000000008000804                DMA2_Stream7_IRQHandler
                0x0000000008000804                I2C3_EV_IRQHandler
                0x0000000008000804                EXTI9_5_IRQHandler
                0x0000000008000804                RTC_WKUP_IRQHandler
                0x0000000008000804                LTDC_IRQHandler
                0x0000000008000804                ETH_WKUP_IRQHandler
                0x0000000008000804                SPDIF_RX_IRQHandler
                0x0000000008000804                SPI2_IRQHandler
                0x0000000008000804                OTG_HS_EP1_IN_IRQHandler
                0x0000000008000804                DMA1_Stream0_IRQHandler
                0x0000000008000804                CAN1_TX_IRQHandler
                0x0000000008000804                EXTI4_IRQHandler
                0x0000000008000804                RNG_IRQHandler
                0x0000000008000804                ETH_IRQHandler
                0x0000000008000804                OTG_HS_EP1_OUT_IRQHandler
                0x0000000008000804                WWDG_IRQHandler
                0x0000000008000804                SPI6_IRQHandler
                0x0000000008000804                MDIOS_IRQHandler
                0x0000000008000804                I2C4_EV_IRQHandler
                0x0000000008000804                CAN3_TX_IRQHandler
                0x0000000008000804                TIM2_IRQHandler
                0x0000000008000804                OTG_FS_WKUP_IRQHandler
                0x0000000008000804                TIM1_TRG_COM_TIM11_IRQHandler
                0x0000000008000804                OTG_HS_IRQHandler
                0x0000000008000804                DMA2D_IRQHandler
                0x0000000008000804                EXTI1_IRQHandler
                0x0000000008000804                SDMMC2_IRQHandler
                0x0000000008000804                UART7_IRQHandler
                0x0000000008000804                USART2_IRQHandler
                0x0000000008000804                DFSDM1_FLT0_IRQHandler
                0x0000000008000804                I2C2_ER_IRQHandler
                0x0000000008000804                DMA2_Stream1_IRQHandler
                0x0000000008000804                CAN1_SCE_IRQHandler
                0x0000000008000804                FLASH_IRQHandler
                0x0000000008000804                DMA2_Stream4_IRQHandler
                0x0000000008000804                USART1_IRQHandler
                0x0000000008000804                OTG_FS_IRQHandler
                0x0000000008000804                SPI3_IRQHandler
                0x0000000008000804                DMA1_Stream4_IRQHandler
                0x0000000008000804                I2C1_ER_IRQHandler
                0x0000000008000804                FMC_IRQHandler
                0x0000000008000804                LPTIM1_IRQHandler
                0x0000000008000804                I2C4_ER_IRQHandler
                0x0000000008000804                DMA2_Stream6_IRQHandler
                0x0000000008000804                SAI1_IRQHandler
                0x0000000008000804                DMA1_Stream3_IRQHandler
 .text.HAL_Init
                0x0000000008000806       0x1a Drivers/STM32F7xx_HAL_Driver/stm32f7xx_hal.o
                0x0000000008000806                HAL_Init
 .text.HAL_InitTick
                0x0000000008000820       0x60 Drivers/STM32F7xx_HAL_Driver/stm32f7xx_hal.o
                0x0000000008000820                HAL_InitTick
 .text.HAL_IncTick
                0x0000000008000880       0x28 Drivers/STM32F7xx_HAL_Driver/stm32f7xx_hal.o
                0x0000000008000880                HAL_IncTick
 .text.HAL_GetTick
                0x00000000080008a8       0x18 Drivers/STM32F7xx_HAL_Driver/stm32f7xx_hal.o
                0x00000000080008a8                HAL_GetTick
 .text.HAL_Delay
                0x00000000080008c0       0x44 Drivers/STM32F7xx_HAL_Driver/stm32f7xx_hal.o
                0x00000000080008c0                HAL_Delay
 .text.__NVIC_SetPriorityGrouping
                0x0000000008000904       0x48 Drivers/STM32F7xx_HAL_Driver/stm32f7xx_hal_cortex.o
 .text.__NVIC_GetPriorityGrouping
                0x000000000800094c       0x1c Drivers/STM32F7xx_HAL_Driver/stm32f7xx_hal_cortex.o
 .text.__NVIC_SetPriority
                0x0000000008000968       0x54 Drivers/STM32F7xx_HAL_Driver/stm32f7xx_hal_cortex.o
 .text.NVIC_EncodePriority
                0x00000000080009bc       0x66 Drivers/STM32F7xx_HAL_Driver/stm32f7xx_hal_cortex.o
 *fill*         0x0000000008000a22        0x2 
 .text.SysTick_Config
                0x0000000008000a24       0x44 Drivers/STM32F7xx_HAL_Driver/stm32f7xx_hal_cortex.o
 .text.HAL_NVIC_SetPriorityGrouping
                0x0000000008000a68       0x16 Drivers/STM32F7xx_HAL_Driver/stm32f7xx_hal_cortex.o
                0x0000000008000a68                HAL_NVIC_SetPriorityGrouping
 .text.HAL_NVIC_SetPriority
                0x0000000008000a7e       0x38 Drivers/STM32F7xx_HAL_Driver/stm32f7xx_hal_cortex.o
                0x0000000008000a7e                HAL_NVIC_SetPriority
 .text.HAL_SYSTICK_Config
                0x0000000008000ab6       0x18 Drivers/STM32F7xx_HAL_Driver/stm32f7xx_hal_cortex.o
                0x0000000008000ab6                HAL_SYSTICK_Config
 *fill*         0x0000000008000ace        0x2 
 .text.HAL_GPIO_Init
                0x0000000008000ad0      0x354 Drivers/STM32F7xx_HAL_Driver/stm32f7xx_hal_gpio.o
                0x0000000008000ad0                HAL_GPIO_Init
 .text.HAL_GPIO_WritePin
                0x0000000008000e24       0x32 Drivers/STM32F7xx_HAL_Driver/stm32f7xx_hal_gpio.o
                0x0000000008000e24                HAL_GPIO_WritePin
 *fill*         0x0000000008000e56        0x2 
 .text.HAL_RCC_OscConfig
                0x0000000008000e58      0x55c Drivers/STM32F7xx_HAL_Driver/stm32f7xx_hal_rcc.o
                0x0000000008000e58                HAL_RCC_OscConfig
 .text.HAL_RCC_ClockConfig
                0x00000000080013b4      0x1d8 Drivers/STM32F7xx_HAL_Driver/stm32f7xx_hal_rcc.o
                0x00000000080013b4                HAL_RCC_ClockConfig
 .text.HAL_RCC_GetSysClockFreq
                0x000000000800158c      0x164 Drivers/STM32F7xx_HAL_Driver/stm32f7xx_hal_rcc.o
                0x000000000800158c                HAL_RCC_GetSysClockFreq
 .text.__libc_init_array
                0x00000000080016f0       0x48 c:/st/stm32cubeide_1.3.0/stm32cubeide/plugins/com.st.stm32cube.ide.mcu.externaltools.gnu-tools-for-stm32.7-2018-q2-update.win32_1.0.0.201904181610/tools/bin/../lib/gcc/arm-none-eabi/7.3.1/../../../../arm-none-eabi/lib/thumb/v7e-m/fpv5/hard\libc_nano.a(lib_a-init.o)
                0x00000000080016f0                __libc_init_array
 .text.memset   0x0000000008001738       0x10 c:/st/stm32cubeide_1.3.0/stm32cubeide/plugins/com.st.stm32cube.ide.mcu.externaltools.gnu-tools-for-stm32.7-2018-q2-update.win32_1.0.0.201904181610/tools/bin/../lib/gcc/arm-none-eabi/7.3.1/../../../../arm-none-eabi/lib/thumb/v7e-m/fpv5/hard\libc_nano.a(lib_a-memset.o)
                0x0000000008001738                memset
 *(.glue_7)
 .glue_7        0x0000000008001748        0x0 linker stubs
 *(.glue_7t)
 .glue_7t       0x0000000008001748        0x0 linker stubs
 *(.eh_frame)
 .eh_frame      0x0000000008001748        0x0 c:/st/stm32cubeide_1.3.0/stm32cubeide/plugins/com.st.stm32cube.ide.mcu.externaltools.gnu-tools-for-stm32.7-2018-q2-update.win32_1.0.0.201904181610/tools/bin/../lib/gcc/arm-none-eabi/7.3.1/thumb/v7e-m/fpv5/hard/crtbegin.o
 *(.init)
 .init          0x0000000008001748        0x4 c:/st/stm32cubeide_1.3.0/stm32cubeide/plugins/com.st.stm32cube.ide.mcu.externaltools.gnu-tools-for-stm32.7-2018-q2-update.win32_1.0.0.201904181610/tools/bin/../lib/gcc/arm-none-eabi/7.3.1/thumb/v7e-m/fpv5/hard/crti.o
                0x0000000008001748                _init
 .init          0x000000000800174c        0x8 c:/st/stm32cubeide_1.3.0/stm32cubeide/plugins/com.st.stm32cube.ide.mcu.externaltools.gnu-tools-for-stm32.7-2018-q2-update.win32_1.0.0.201904181610/tools/bin/../lib/gcc/arm-none-eabi/7.3.1/thumb/v7e-m/fpv5/hard/crtn.o
 *(.fini)
 .fini          0x0000000008001754        0x4 c:/st/stm32cubeide_1.3.0/stm32cubeide/plugins/com.st.stm32cube.ide.mcu.externaltools.gnu-tools-for-stm32.7-2018-q2-update.win32_1.0.0.201904181610/tools/bin/../lib/gcc/arm-none-eabi/7.3.1/thumb/v7e-m/fpv5/hard/crti.o
                0x0000000008001754                _fini
 .fini          0x0000000008001758        0x8 c:/st/stm32cubeide_1.3.0/stm32cubeide/plugins/com.st.stm32cube.ide.mcu.externaltools.gnu-tools-for-stm32.7-2018-q2-update.win32_1.0.0.201904181610/tools/bin/../lib/gcc/arm-none-eabi/7.3.1/thumb/v7e-m/fpv5/hard/crtn.o
                0x0000000008001760                . = ALIGN (0x4)
                0x0000000008001760                _etext = .

.vfp11_veneer   0x0000000008001760        0x0
 .vfp11_veneer  0x0000000008001760        0x0 linker stubs

.v4_bx          0x0000000008001760        0x0
 .v4_bx         0x0000000008001760        0x0 linker stubs

.iplt           0x0000000008001760        0x0
 .iplt          0x0000000008001760        0x0 c:/st/stm32cubeide_1.3.0/stm32cubeide/plugins/com.st.stm32cube.ide.mcu.externaltools.gnu-tools-for-stm32.7-2018-q2-update.win32_1.0.0.201904181610/tools/bin/../lib/gcc/arm-none-eabi/7.3.1/thumb/v7e-m/fpv5/hard/crtbegin.o

.rodata         0x0000000008001760       0x10
                0x0000000008001760                . = ALIGN (0x4)
 *(.rodata)
 *(.rodata*)
 .rodata.AHBPrescTable
                0x0000000008001760       0x10 Core/Src/system_stm32f7xx.o
                0x0000000008001760                AHBPrescTable
                0x0000000008001770                . = ALIGN (0x4)

.ARM.extab      0x0000000008001770        0x0
                0x0000000008001770                . = ALIGN (0x4)
 *(.ARM.extab* .gnu.linkonce.armextab.*)
                0x0000000008001770                . = ALIGN (0x4)

.ARM            0x0000000008001770        0x8
                0x0000000008001770                . = ALIGN (0x4)
                0x0000000008001770                __exidx_start = .
 *(.ARM.exidx*)
 .ARM.exidx     0x0000000008001770        0x8 c:/st/stm32cubeide_1.3.0/stm32cubeide/plugins/com.st.stm32cube.ide.mcu.externaltools.gnu-tools-for-stm32.7-2018-q2-update.win32_1.0.0.201904181610/tools/bin/../lib/gcc/arm-none-eabi/7.3.1/thumb/v7e-m/fpv5/hard\libgcc.a(_udivmoddi4.o)
                0x0000000008001778                __exidx_end = .
                0x0000000008001778                . = ALIGN (0x4)

.rel.dyn        0x0000000008001778        0x0
 .rel.iplt      0x0000000008001778        0x0 c:/st/stm32cubeide_1.3.0/stm32cubeide/plugins/com.st.stm32cube.ide.mcu.externaltools.gnu-tools-for-stm32.7-2018-q2-update.win32_1.0.0.201904181610/tools/bin/../lib/gcc/arm-none-eabi/7.3.1/thumb/v7e-m/fpv5/hard/crtbegin.o

.preinit_array  0x0000000008001778        0x0
                0x0000000008001778                . = ALIGN (0x4)
                0x0000000008001778                PROVIDE (__preinit_array_start = .)
 *(.preinit_array*)
                0x0000000008001778                PROVIDE (__preinit_array_end = .)
                0x0000000008001778                . = ALIGN (0x4)

.init_array     0x0000000008001778        0x4
                0x0000000008001778                . = ALIGN (0x4)
                0x0000000008001778                PROVIDE (__init_array_start = .)
 *(SORT_BY_NAME(.init_array.*))
 *(.init_array*)
 .init_array    0x0000000008001778        0x4 c:/st/stm32cubeide_1.3.0/stm32cubeide/plugins/com.st.stm32cube.ide.mcu.externaltools.gnu-tools-for-stm32.7-2018-q2-update.win32_1.0.0.201904181610/tools/bin/../lib/gcc/arm-none-eabi/7.3.1/thumb/v7e-m/fpv5/hard/crtbegin.o
                0x000000000800177c                PROVIDE (__init_array_end = .)
                0x000000000800177c                . = ALIGN (0x4)

.fini_array     0x000000000800177c        0x4
                0x000000000800177c                . = ALIGN (0x4)
                [!provide]                        PROVIDE (__fini_array_start = .)
 *(SORT_BY_NAME(.fini_array.*))
 *(.fini_array*)
 .fini_array    0x000000000800177c        0x4 c:/st/stm32cubeide_1.3.0/stm32cubeide/plugins/com.st.stm32cube.ide.mcu.externaltools.gnu-tools-for-stm32.7-2018-q2-update.win32_1.0.0.201904181610/tools/bin/../lib/gcc/arm-none-eabi/7.3.1/thumb/v7e-m/fpv5/hard/crtbegin.o
                [!provide]                        PROVIDE (__fini_array_end = .)
                0x0000000008001780                . = ALIGN (0x4)
                0x0000000008001780                _sidata = LOADADDR (.data)

.data           0x0000000020000000        0xc load address 0x0000000008001780
                0x0000000020000000                . = ALIGN (0x4)
                0x0000000020000000                _sdata = .
 *(.data)
 *(.data*)
 .data.SystemCoreClock
                0x0000000020000000        0x4 Core/Src/system_stm32f7xx.o
                0x0000000020000000                SystemCoreClock
 .data.uwTickPrio
                0x0000000020000004        0x4 Drivers/STM32F7xx_HAL_Driver/stm32f7xx_hal.o
                0x0000000020000004                uwTickPrio
 .data.uwTickFreq
                0x0000000020000008        0x1 Drivers/STM32F7xx_HAL_Driver/stm32f7xx_hal.o
                0x0000000020000008                uwTickFreq
                0x000000002000000c                . = ALIGN (0x4)
 *fill*         0x0000000020000009        0x3 
                0x000000002000000c                _edata = .

.igot.plt       0x000000002000000c        0x0 load address 0x000000000800178c
 .igot.plt      0x000000002000000c        0x0 c:/st/stm32cubeide_1.3.0/stm32cubeide/plugins/com.st.stm32cube.ide.mcu.externaltools.gnu-tools-for-stm32.7-2018-q2-update.win32_1.0.0.201904181610/tools/bin/../lib/gcc/arm-none-eabi/7.3.1/thumb/v7e-m/fpv5/hard/crtbegin.o
                0x000000002000000c                . = ALIGN (0x4)

.bss            0x000000002000000c       0x20 load address 0x000000000800178c
                0x000000002000000c                _sbss = .
                0x000000002000000c                __bss_start__ = _sbss
 *(.bss)
 .bss           0x000000002000000c       0x1c c:/st/stm32cubeide_1.3.0/stm32cubeide/plugins/com.st.stm32cube.ide.mcu.externaltools.gnu-tools-for-stm32.7-2018-q2-update.win32_1.0.0.201904181610/tools/bin/../lib/gcc/arm-none-eabi/7.3.1/thumb/v7e-m/fpv5/hard/crtbegin.o
 *(.bss*)
 *(COMMON)
 COMMON         0x0000000020000028        0x4 Drivers/STM32F7xx_HAL_Driver/stm32f7xx_hal.o
                0x0000000020000028                uwTick
                0x000000002000002c                . = ALIGN (0x4)
                0x000000002000002c                _ebss = .
                0x000000002000002c                __bss_end__ = _ebss

._user_heap_stack
                0x000000002000002c      0x604 load address 0x000000000800178c
                0x0000000020000030                . = ALIGN (0x8)
 *fill*         0x000000002000002c        0x4 
                0x0000000020000030                PROVIDE (end = .)
                [!provide]                        PROVIDE (_end = .)
                0x0000000020000230                . = (. + _Min_Heap_Size)
 *fill*         0x0000000020000030      0x200 
                0x0000000020000630                . = (. + _Min_Stack_Size)
 *fill*         0x0000000020000230      0x400 
                0x0000000020000630                . = ALIGN (0x8)

/DISCARD/
 libc.a(*)
 libm.a(*)
 libgcc.a(*)

.ARM.attributes
                0x0000000000000000       0x2e
 *(.ARM.attributes)
 .ARM.attributes
                0x0000000000000000       0x20 c:/st/stm32cubeide_1.3.0/stm32cubeide/plugins/com.st.stm32cube.ide.mcu.externaltools.gnu-tools-for-stm32.7-2018-q2-update.win32_1.0.0.201904181610/tools/bin/../lib/gcc/arm-none-eabi/7.3.1/thumb/v7e-m/fpv5/hard/crti.o
 .ARM.attributes
                0x0000000000000020       0x32 c:/st/stm32cubeide_1.3.0/stm32cubeide/plugins/com.st.stm32cube.ide.mcu.externaltools.gnu-tools-for-stm32.7-2018-q2-update.win32_1.0.0.201904181610/tools/bin/../lib/gcc/arm-none-eabi/7.3.1/thumb/v7e-m/fpv5/hard/crtbegin.o
 .ARM.attributes
                0x0000000000000052       0x37 Core/Src/main.o
 .ARM.attributes
                0x0000000000000089       0x37 Core/Src/stm32f7xx_hal_msp.o
 .ARM.attributes
                0x00000000000000c0       0x37 Core/Src/stm32f7xx_it.o
 .ARM.attributes
                0x00000000000000f7       0x37 Core/Src/system_stm32f7xx.o
 .ARM.attributes
                0x000000000000012e       0x21 Core/Startup/startup_stm32f767zitx.o
 .ARM.attributes
                0x000000000000014f       0x37 Drivers/STM32F7xx_HAL_Driver/stm32f7xx_hal.o
 .ARM.attributes
                0x0000000000000186       0x37 Drivers/STM32F7xx_HAL_Driver/stm32f7xx_hal_cortex.o
 .ARM.attributes
                0x00000000000001bd       0x37 Drivers/STM32F7xx_HAL_Driver/stm32f7xx_hal_gpio.o
 .ARM.attributes
                0x00000000000001f4       0x37 Drivers/STM32F7xx_HAL_Driver/stm32f7xx_hal_rcc.o
 .ARM.attributes
                0x000000000000022b       0x32 c:/st/stm32cubeide_1.3.0/stm32cubeide/plugins/com.st.stm32cube.ide.mcu.externaltools.gnu-tools-for-stm32.7-2018-q2-update.win32_1.0.0.201904181610/tools/bin/../lib/gcc/arm-none-eabi/7.3.1/../../../../arm-none-eabi/lib/thumb/v7e-m/fpv5/hard\libc_nano.a(lib_a-init.o)
 .ARM.attributes
                0x000000000000025d       0x32 c:/st/stm32cubeide_1.3.0/stm32cubeide/plugins/com.st.stm32cube.ide.mcu.externaltools.gnu-tools-for-stm32.7-2018-q2-update.win32_1.0.0.201904181610/tools/bin/../lib/gcc/arm-none-eabi/7.3.1/../../../../arm-none-eabi/lib/thumb/v7e-m/fpv5/hard\libc_nano.a(lib_a-memset.o)
 .ARM.attributes
                0x000000000000028f       0x20 c:/st/stm32cubeide_1.3.0/stm32cubeide/plugins/com.st.stm32cube.ide.mcu.externaltools.gnu-tools-for-stm32.7-2018-q2-update.win32_1.0.0.201904181610/tools/bin/../lib/gcc/arm-none-eabi/7.3.1/thumb/v7e-m/fpv5/hard\libgcc.a(_aeabi_uldivmod.o)
 .ARM.attributes
                0x00000000000002af       0x32 c:/st/stm32cubeide_1.3.0/stm32cubeide/plugins/com.st.stm32cube.ide.mcu.externaltools.gnu-tools-for-stm32.7-2018-q2-update.win32_1.0.0.201904181610/tools/bin/../lib/gcc/arm-none-eabi/7.3.1/thumb/v7e-m/fpv5/hard\libgcc.a(_udivmoddi4.o)
 .ARM.attributes
                0x00000000000002e1       0x20 c:/st/stm32cubeide_1.3.0/stm32cubeide/plugins/com.st.stm32cube.ide.mcu.externaltools.gnu-tools-for-stm32.7-2018-q2-update.win32_1.0.0.201904181610/tools/bin/../lib/gcc/arm-none-eabi/7.3.1/thumb/v7e-m/fpv5/hard\libgcc.a(_dvmd_tls.o)
 .ARM.attributes
                0x0000000000000301       0x20 c:/st/stm32cubeide_1.3.0/stm32cubeide/plugins/com.st.stm32cube.ide.mcu.externaltools.gnu-tools-for-stm32.7-2018-q2-update.win32_1.0.0.201904181610/tools/bin/../lib/gcc/arm-none-eabi/7.3.1/thumb/v7e-m/fpv5/hard/crtn.o
OUTPUT(LED.elf elf32-littlearm)

.debug_info     0x0000000000000000     0x4039
 .debug_info    0x0000000000000000      0x6f6 Core/Src/main.o
 .debug_info    0x00000000000006f6      0x389 Core/Src/stm32f7xx_hal_msp.o
 .debug_info    0x0000000000000a7f      0x20a Core/Src/stm32f7xx_it.o
 .debug_info    0x0000000000000c89      0x73d Core/Src/system_stm32f7xx.o
 .debug_info    0x00000000000013c6       0x22 Core/Startup/startup_stm32f767zitx.o
 .debug_info    0x00000000000013e8      0xa46 Drivers/STM32F7xx_HAL_Driver/stm32f7xx_hal.o
 .debug_info    0x0000000000001e2e     0x108c Drivers/STM32F7xx_HAL_Driver/stm32f7xx_hal_cortex.o
 .debug_info    0x0000000000002eba      0x7e9 Drivers/STM32F7xx_HAL_Driver/stm32f7xx_hal_gpio.o
 .debug_info    0x00000000000036a3      0x996 Drivers/STM32F7xx_HAL_Driver/stm32f7xx_hal_rcc.o

.debug_abbrev   0x0000000000000000      0xd9a
 .debug_abbrev  0x0000000000000000      0x180 Core/Src/main.o
 .debug_abbrev  0x0000000000000180      0x109 Core/Src/stm32f7xx_hal_msp.o
 .debug_abbrev  0x0000000000000289       0xc6 Core/Src/stm32f7xx_it.o
 .debug_abbrev  0x000000000000034f      0x147 Core/Src/system_stm32f7xx.o
 .debug_abbrev  0x0000000000000496       0x12 Core/Startup/startup_stm32f767zitx.o
 .debug_abbrev  0x00000000000004a8      0x1c7 Drivers/STM32F7xx_HAL_Driver/stm32f7xx_hal.o
 .debug_abbrev  0x000000000000066f      0x2fa Drivers/STM32F7xx_HAL_Driver/stm32f7xx_hal_cortex.o
 .debug_abbrev  0x0000000000000969      0x1c9 Drivers/STM32F7xx_HAL_Driver/stm32f7xx_hal_gpio.o
 .debug_abbrev  0x0000000000000b32      0x268 Drivers/STM32F7xx_HAL_Driver/stm32f7xx_hal_rcc.o

.debug_aranges  0x0000000000000000      0x410
 .debug_aranges
                0x0000000000000000       0x38 Core/Src/main.o
 .debug_aranges
                0x0000000000000038       0x20 Core/Src/stm32f7xx_hal_msp.o
 .debug_aranges
                0x0000000000000058       0x60 Core/Src/stm32f7xx_it.o
 .debug_aranges
                0x00000000000000b8       0x28 Core/Src/system_stm32f7xx.o
 .debug_aranges
                0x00000000000000e0       0x28 Core/Startup/startup_stm32f767zitx.o
 .debug_aranges
                0x0000000000000108      0x110 Drivers/STM32F7xx_HAL_Driver/stm32f7xx_hal.o
 .debug_aranges
                0x0000000000000218      0x118 Drivers/STM32F7xx_HAL_Driver/stm32f7xx_hal_cortex.o
 .debug_aranges
                0x0000000000000330       0x58 Drivers/STM32F7xx_HAL_Driver/stm32f7xx_hal_gpio.o
 .debug_aranges
                0x0000000000000388       0x88 Drivers/STM32F7xx_HAL_Driver/stm32f7xx_hal_rcc.o

.debug_ranges   0x0000000000000000      0x388
 .debug_ranges  0x0000000000000000       0x28 Core/Src/main.o
 .debug_ranges  0x0000000000000028       0x10 Core/Src/stm32f7xx_hal_msp.o
 .debug_ranges  0x0000000000000038       0x50 Core/Src/stm32f7xx_it.o
 .debug_ranges  0x0000000000000088       0x18 Core/Src/system_stm32f7xx.o
 .debug_ranges  0x00000000000000a0       0x20 Core/Startup/startup_stm32f767zitx.o
 .debug_ranges  0x00000000000000c0      0x100 Drivers/STM32F7xx_HAL_Driver/stm32f7xx_hal.o
 .debug_ranges  0x00000000000001c0      0x108 Drivers/STM32F7xx_HAL_Driver/stm32f7xx_hal_cortex.o
 .debug_ranges  0x00000000000002c8       0x48 Drivers/STM32F7xx_HAL_Driver/stm32f7xx_hal_gpio.o
 .debug_ranges  0x0000000000000310       0x78 Drivers/STM32F7xx_HAL_Driver/stm32f7xx_hal_rcc.o

.debug_macro    0x0000000000000000    0x24f28
 .debug_macro   0x0000000000000000      0x1ca Core/Src/main.o
 .debug_macro   0x00000000000001ca      0xa66 Core/Src/main.o
 .debug_macro   0x0000000000000c30      0x17d Core/Src/main.o
 .debug_macro   0x0000000000000dad       0x2e Core/Src/main.o
 .debug_macro   0x0000000000000ddb       0x3b Core/Src/main.o
 .debug_macro   0x0000000000000e16       0x22 Core/Src/main.o
 .debug_macro   0x0000000000000e38       0x8e Core/Src/main.o
 .debug_macro   0x0000000000000ec6       0x51 Core/Src/main.o
 .debug_macro   0x0000000000000f17       0xef Core/Src/main.o
 .debug_macro   0x0000000000001006       0x6a Core/Src/main.o
 .debug_macro   0x0000000000001070      0x1df Core/Src/main.o
 .debug_macro   0x000000000000124f       0x1c Core/Src/main.o
 .debug_macro   0x000000000000126b       0x22 Core/Src/main.o
 .debug_macro   0x000000000000128d       0xdf Core/Src/main.o
 .debug_macro   0x000000000000136c     0x12cd Core/Src/main.o
 .debug_macro   0x0000000000002639      0x11f Core/Src/main.o
 .debug_macro   0x0000000000002758       0x19 Core/Src/main.o
 .debug_macro   0x0000000000002771    0x1a9b4 Core/Src/main.o
 .debug_macro   0x000000000001d125       0x43 Core/Src/main.o
 .debug_macro   0x000000000001d168     0x36b4 Core/Src/main.o
 .debug_macro   0x000000000002081c      0x174 Core/Src/main.o
 .debug_macro   0x0000000000020990       0x61 Core/Src/main.o
 .debug_macro   0x00000000000209f1     0x1add Core/Src/main.o
 .debug_macro   0x00000000000224ce      0x6c4 Core/Src/main.o
 .debug_macro   0x0000000000022b92      0x18b Core/Src/main.o
 .debug_macro   0x0000000000022d1d      0x117 Core/Src/main.o
 .debug_macro   0x0000000000022e34      0x26f Core/Src/main.o
 .debug_macro   0x00000000000230a3       0x27 Core/Src/main.o
 .debug_macro   0x00000000000230ca      0x24f Core/Src/main.o
 .debug_macro   0x0000000000023319       0x71 Core/Src/main.o
 .debug_macro   0x000000000002338a       0x58 Core/Src/main.o
 .debug_macro   0x00000000000233e2      0x236 Core/Src/main.o
 .debug_macro   0x0000000000023618      0x14f Core/Src/main.o
 .debug_macro   0x0000000000023767      0x3dc Core/Src/main.o
 .debug_macro   0x0000000000023b43       0x12 Core/Src/main.o
 .debug_macro   0x0000000000023b55      0x22c Core/Src/main.o
 .debug_macro   0x0000000000023d81       0x61 Core/Src/main.o
 .debug_macro   0x0000000000023de2       0xa5 Core/Src/main.o
 .debug_macro   0x0000000000023e87      0x12f Core/Src/main.o
 .debug_macro   0x0000000000023fb6      0x108 Core/Src/main.o
 .debug_macro   0x00000000000240be       0x35 Core/Src/main.o
 .debug_macro   0x00000000000240f3      0x15c Core/Src/main.o
 .debug_macro   0x000000000002424f       0x10 Core/Src/main.o
 .debug_macro   0x000000000002425f      0x1ca Core/Src/stm32f7xx_hal_msp.o
 .debug_macro   0x0000000000024429      0x1d4 Core/Src/stm32f7xx_it.o
 .debug_macro   0x00000000000245fd      0x1c1 Core/Src/system_stm32f7xx.o
 .debug_macro   0x00000000000247be      0x1df Drivers/STM32F7xx_HAL_Driver/stm32f7xx_hal.o
 .debug_macro   0x000000000002499d      0x1bb Drivers/STM32F7xx_HAL_Driver/stm32f7xx_hal_cortex.o
 .debug_macro   0x0000000000024b58      0x1f1 Drivers/STM32F7xx_HAL_Driver/stm32f7xx_hal_gpio.o
 .debug_macro   0x0000000000024d49      0x1df Drivers/STM32F7xx_HAL_Driver/stm32f7xx_hal_rcc.o

.debug_line     0x0000000000000000     0x47f7
 .debug_line    0x0000000000000000      0x7c9 Core/Src/main.o
 .debug_line    0x00000000000007c9      0x768 Core/Src/stm32f7xx_hal_msp.o
 .debug_line    0x0000000000000f31      0x80c Core/Src/stm32f7xx_it.o
 .debug_line    0x000000000000173d      0x781 Core/Src/system_stm32f7xx.o
 .debug_line    0x0000000000001ebe       0x85 Core/Startup/startup_stm32f767zitx.o
 .debug_line    0x0000000000001f43      0x9ec Drivers/STM32F7xx_HAL_Driver/stm32f7xx_hal.o
 .debug_line    0x000000000000292f      0xac9 Drivers/STM32F7xx_HAL_Driver/stm32f7xx_hal_cortex.o
 .debug_line    0x00000000000033f8      0x9ad Drivers/STM32F7xx_HAL_Driver/stm32f7xx_hal_gpio.o
 .debug_line    0x0000000000003da5      0xa52 Drivers/STM32F7xx_HAL_Driver/stm32f7xx_hal_rcc.o

.debug_str      0x0000000000000000    0xe650e
 .debug_str     0x0000000000000000    0xe4f22 Core/Src/main.o
                                      0xe55f5 (size before relaxing)
 .debug_str     0x00000000000e4f22       0x2c Core/Src/stm32f7xx_hal_msp.o
                                      0xe53ef (size before relaxing)
 .debug_str     0x00000000000e4f4e       0xbd Core/Src/stm32f7xx_it.o
                                      0xe5360 (size before relaxing)
 .debug_str     0x00000000000e500b      0x18d Core/Src/system_stm32f7xx.o
                                      0xe5516 (size before relaxing)
 .debug_str     0x00000000000e5198       0x36 Core/Startup/startup_stm32f767zitx.o
                                         0x6b (size before relaxing)
 .debug_str     0x00000000000e51ce      0xa29 Drivers/STM32F7xx_HAL_Driver/stm32f7xx_hal.o
                                      0xe5ed7 (size before relaxing)
 .debug_str     0x00000000000e5bf7      0x3d8 Drivers/STM32F7xx_HAL_Driver/stm32f7xx_hal_cortex.o
                                      0xe5f43 (size before relaxing)
 .debug_str     0x00000000000e5fcf      0x281 Drivers/STM32F7xx_HAL_Driver/stm32f7xx_hal_gpio.o
                                      0xe5724 (size before relaxing)
 .debug_str     0x00000000000e6250      0x2be Drivers/STM32F7xx_HAL_Driver/stm32f7xx_hal_rcc.o
                                      0xe5882 (size before relaxing)

.comment        0x0000000000000000       0x7b
 .comment       0x0000000000000000       0x7b Core/Src/main.o
                                         0x7c (size before relaxing)
 .comment       0x000000000000007b       0x7c Core/Src/stm32f7xx_hal_msp.o
 .comment       0x000000000000007b       0x7c Core/Src/stm32f7xx_it.o
 .comment       0x000000000000007b       0x7c Core/Src/system_stm32f7xx.o
 .comment       0x000000000000007b       0x7c Drivers/STM32F7xx_HAL_Driver/stm32f7xx_hal.o
 .comment       0x000000000000007b       0x7c Drivers/STM32F7xx_HAL_Driver/stm32f7xx_hal_cortex.o
 .comment       0x000000000000007b       0x7c Drivers/STM32F7xx_HAL_Driver/stm32f7xx_hal_gpio.o
 .comment       0x000000000000007b       0x7c Drivers/STM32F7xx_HAL_Driver/stm32f7xx_hal_rcc.o

.debug_frame    0x0000000000000000      0xea8
 .debug_frame   0x0000000000000000       0x94 Core/Src/main.o
 .debug_frame   0x0000000000000094       0x38 Core/Src/stm32f7xx_hal_msp.o
 .debug_frame   0x00000000000000cc      0x10c Core/Src/stm32f7xx_it.o
 .debug_frame   0x00000000000001d8       0x58 Core/Src/system_stm32f7xx.o
 .debug_frame   0x0000000000000230      0x3f4 Drivers/STM32F7xx_HAL_Driver/stm32f7xx_hal.o
 .debug_frame   0x0000000000000624      0x498 Drivers/STM32F7xx_HAL_Driver/stm32f7xx_hal_cortex.o
 .debug_frame   0x0000000000000abc      0x14c Drivers/STM32F7xx_HAL_Driver/stm32f7xx_hal_gpio.o
 .debug_frame   0x0000000000000c08      0x1f4 Drivers/STM32F7xx_HAL_Driver/stm32f7xx_hal_rcc.o
 .debug_frame   0x0000000000000dfc       0x2c c:/st/stm32cubeide_1.3.0/stm32cubeide/plugins/com.st.stm32cube.ide.mcu.externaltools.gnu-tools-for-stm32.7-2018-q2-update.win32_1.0.0.201904181610/tools/bin/../lib/gcc/arm-none-eabi/7.3.1/../../../../arm-none-eabi/lib/thumb/v7e-m/fpv5/hard\libc_nano.a(lib_a-init.o)
 .debug_frame   0x0000000000000e28       0x20 c:/st/stm32cubeide_1.3.0/stm32cubeide/plugins/com.st.stm32cube.ide.mcu.externaltools.gnu-tools-for-stm32.7-2018-q2-update.win32_1.0.0.201904181610/tools/bin/../lib/gcc/arm-none-eabi/7.3.1/../../../../arm-none-eabi/lib/thumb/v7e-m/fpv5/hard\libc_nano.a(lib_a-memset.o)
 .debug_frame   0x0000000000000e48       0x2c c:/st/stm32cubeide_1.3.0/stm32cubeide/plugins/com.st.stm32cube.ide.mcu.externaltools.gnu-tools-for-stm32.7-2018-q2-update.win32_1.0.0.201904181610/tools/bin/../lib/gcc/arm-none-eabi/7.3.1/thumb/v7e-m/fpv5/hard\libgcc.a(_aeabi_uldivmod.o)
 .debug_frame   0x0000000000000e74       0x34 c:/st/stm32cubeide_1.3.0/stm32cubeide/plugins/com.st.stm32cube.ide.mcu.externaltools.gnu-tools-for-stm32.7-2018-q2-update.win32_1.0.0.201904181610/tools/bin/../lib/gcc/arm-none-eabi/7.3.1/thumb/v7e-m/fpv5/hard\libgcc.a(_udivmoddi4.o)
